---
source: e2e/tests/snm_test.rs
expression: res
---
name: "test_snm_install_set_default_yarn"

id: 1
is: snm node install 20.0.0


stdout:🎉 Node v20.0.0 is installed
stderr:


id: 2
is: snm node default 20.0.0


stdout:🎉 Node v20.0.0 is now default
stderr:


id: 3
is: yarn -v


stdout:
stderr:Error: Can't find command yarn


id: 4
is: snm yarn install 1.22.22


stdout:🎉 yarn v1.22.22 is installed
stderr:


id: 5
is: snm yarn default 1.22.22


stdout:🎉 yarn v1.22.22 is now default
stderr:


id: 6
is: yarn -v


stdout:1.22.22
stderr:
