---
source: e2e/tests/snm_test.rs
expression: res
---
id: 1
is: snm node install 20.0.0


stdout:🎉 Node v20.0.0 is installed
stderr:
status:0


id: 2
is: snm node default 20.0.0


stdout:🎉 Node v20.0.0 is now default
stderr:
status:0


id: 3
is: npm -v


stdout:9.6.4
stderr:
status:0


id: 4
is: node index.cjs


stdout:18.3.1
stderr:
status:0
